
> ecommerce-clone@0.1.0 build /Users/cameronmoses/Documents/Builds/ecommerce-clone
> next build

⚠ Warning: Next.js inferred your workspace root, but it may not be correct.
 We detected multiple lockfiles and selected the directory of /Users/cameronmoses/pnpm-lock.yaml as the root directory.
 To silence this warning, set `turbopack.root` in your Next.js config, or consider removing one of the lockfiles if it's not needed.
   See https://nextjs.org/docs/app/api-reference/config/next-config-js/turbopack#root-directory for more information.
 Detected additional lockfiles: 
   * /Users/cameronmoses/Documents/Builds/ecommerce-clone/pnpm-lock.yaml

⚠ No build cache found. Please configure build caching for faster rebuilds. Read more: https://nextjs.org/docs/messages/no-cache
Attention: Next.js now collects completely anonymous telemetry regarding usage.
This information is used to shape Next.js' roadmap and prioritize features.
You can learn more, including how to opt-out if you'd not like to participate in this anonymous program, by visiting the following URL:
https://nextjs.org/telemetry

▲ Next.js 16.1.6 (Turbopack)
- Environments: .env.local

  Creating an optimized production build ...

> Build error occurred
Error: Turbopack build failed with 2 errors:
./Documents/Builds/ecommerce-clone/components/chat/MessageContent.tsx:2:1
Module not found: Can't resolve 'react-markdown'
[0m [90m 1 |[39m [36mimport[39m [33mLink[39m [36mfrom[39m [32m"next/link"[39m[33m;[39m
[31m[1m>[22m[39m[90m 2 |[39m [36mimport[39m [33mMarkdown[39m [36mfrom[39m [32m"react-markdown"[39m[33m;[39m
 [90m   |[39m [31m[1m^[22m[39m[31m[1m^[22m[39m[31m[1m^[22m[39m[31m[1m^[22m[39m[31m[1m^[22m[39m[31m[1m^[22m[39m[31m[1m^[22m[39m[31m[1m^[22m[39m[31m[1m^[22m[39m[31m[1m^[22m[39m[31m[1m^[22m[39m[31m[1m^[22m[39m[31m[1m^[22m[39m[31m[1m^[22m[39m[31m[1m^[22m[39m[31m[1m^[22m[39m[31m[1m^[22m[39m[31m[1m^[22m[39m[31m[1m^[22m[39m[31m[1m^[22m[39m[31m[1m^[22m[39m[31m[1m^[22m[39m[31m[1m^[22m[39m[31m[1m^[22m[39m[31m[1m^[22m[39m[31m[1m^[22m[39m[31m[1m^[22m[39m[31m[1m^[22m[39m[31m[1m^[22m[39m[31m[1m^[22m[39m[31m[1m^[22m[39m[31m[1m^[22m[39m[31m[1m^[22m[39m[31m[1m^[22m[39m[31m[1m^[22m[39m[31m[1m^[22m[39m[31m[1m^[22m[39m[31m[1m^[22m[39m
 [90m 3 |[39m
 [90m 4 |[39m [36minterface[39m [33mMessageContentProps[39m {
 [90m 5 |[39m   content[33m:[39m string[33m;[39m[0m



Import traces:
  Client Component Browser:
    ./Documents/Builds/ecommerce-clone/components/chat/MessageContent.tsx [Client Component Browser]
    ./Documents/Builds/ecommerce-clone/components/chat/MessageBubble.tsx [Client Component Browser]
    ./Documents/Builds/ecommerce-clone/components/ChatSheet.tsx [Client Component Browser]
    ./Documents/Builds/ecommerce-clone/components/ChatSheet.tsx [Server Component]
    ./Documents/Builds/ecommerce-clone/app/(app)/layout.tsx [Server Component]

  Client Component SSR:
    ./Documents/Builds/ecommerce-clone/components/chat/MessageContent.tsx [Client Component SSR]
    ./Documents/Builds/ecommerce-clone/components/chat/MessageBubble.tsx [Client Component SSR]
    ./Documents/Builds/ecommerce-clone/components/ChatSheet.tsx [Client Component SSR]
    ./Documents/Builds/ecommerce-clone/components/ChatSheet.tsx [Server Component]
    ./Documents/Builds/ecommerce-clone/app/(app)/layout.tsx [Server Component]

https://nextjs.org/docs/messages/module-not-found


./Documents/Builds/ecommerce-clone/components/chat/MessageContent.tsx:3:1
Module not found: Can't resolve 'react-markdown'
[0m [90m 1 |[39m [36mimport[39m { c [36mas[39m _c } [36mfrom[39m [32m"react/compiler-runtime"[39m[33m;[39m
 [90m 2 |[39m [36mimport[39m [33mLink[39m [36mfrom[39m [32m"next/link"[39m[33m;[39m
[31m[1m>[22m[39m[90m 3 |[39m [36mimport[39m [33mMarkdown[39m [36mfrom[39m [32m"react-markdown"[39m[33m;[39m
 [90m   |[39m [31m[1m^[22m[39m[31m[1m^[22m[39m[31m[1m^[22m[39m[31m[1m^[22m[39m[31m[1m^[22m[39m[31m[1m^[22m[39m[31m[1m^[22m[39m[31m[1m^[22m[39m[31m[1m^[22m[39m[31m[1m^[22m[39m[31m[1m^[22m[39m[31m[1m^[22m[39m[31m[1m^[22m[39m[31m[1m^[22m[39m[31m[1m^[22m[39m[31m[1m^[22m[39m[31m[1m^[22m[39m[31m[1m^[22m[39m[31m[1m^[22m[39m[31m[1m^[22m[39m[31m[1m^[22m[39m[31m[1m^[22m[39m[31m[1m^[22m[39m[31m[1m^[22m[39m[31m[1m^[22m[39m[31m[1m^[22m[39m[31m[1m^[22m[39m[31m[1m^[22m[39m[31m[1m^[22m[39m[31m[1m^[22m[39m[31m[1m^[22m[39m[31m[1m^[22m[39m[31m[1m^[22m[39m[31m[1m^[22m[39m[31m[1m^[22m[39m[31m[1m^[22m[39m[31m[1m^[22m[39m[31m[1m^[22m[39m
 [90m 4 |[39m [36minterface[39m [33mMessageContentProps[39m {
 [90m 5 |[39m   content[33m:[39m string[33m;[39m
 [90m 6 |[39m   closeChat[33m:[39m () [33m=>[39m [36mvoid[39m[33m;[39m[0m



Import traces:
  Client Component Browser:
    ./Documents/Builds/ecommerce-clone/components/chat/MessageContent.tsx [Client Component Browser]
    ./Documents/Builds/ecommerce-clone/components/chat/MessageBubble.tsx [Client Component Browser]
    ./Documents/Builds/ecommerce-clone/components/ChatSheet.tsx [Client Component Browser]
    ./Documents/Builds/ecommerce-clone/components/ChatSheet.tsx [Server Component]
    ./Documents/Builds/ecommerce-clone/app/(app)/layout.tsx [Server Component]

  Client Component SSR:
    ./Documents/Builds/ecommerce-clone/components/chat/MessageContent.tsx [Client Component SSR]
    ./Documents/Builds/ecommerce-clone/components/chat/MessageBubble.tsx [Client Component SSR]
    ./Documents/Builds/ecommerce-clone/components/ChatSheet.tsx [Client Component SSR]
    ./Documents/Builds/ecommerce-clone/components/ChatSheet.tsx [Server Component]
    ./Documents/Builds/ecommerce-clone/app/(app)/layout.tsx [Server Component]

https://nextjs.org/docs/messages/module-not-found


    at <unknown> (./Documents/Builds/ecommerce-clone/components/chat/MessageContent.tsx:2:1)
    at <unknown> (https://nextjs.org/docs/messages/module-not-found)
    at <unknown> (./Documents/Builds/ecommerce-clone/components/chat/MessageContent.tsx:3:1)
    at <unknown> (https://nextjs.org/docs/messages/module-not-found)
 ELIFECYCLE  Command failed with exit code 1.
