
> ecommerce-clone@0.1.0 build /Users/cameronmoses/Documents/Builds/ecommerce-clone
> next build

⚠ Warning: Next.js inferred your workspace root, but it may not be correct.
 We detected multiple lockfiles and selected the directory of /Users/cameronmoses/pnpm-lock.yaml as the root directory.
 To silence this warning, set `turbopack.root` in your Next.js config, or consider removing one of the lockfiles if it's not needed.
   See https://nextjs.org/docs/app/api-reference/config/next-config-js/turbopack#root-directory for more information.
 Detected additional lockfiles: 
   * /Users/cameronmoses/Documents/Builds/ecommerce-clone/pnpm-lock.yaml

Attention: Next.js now collects completely anonymous telemetry regarding usage.
This information is used to shape Next.js' roadmap and prioritize features.
You can learn more, including how to opt-out if you'd not like to participate in this anonymous program, by visiting the following URL:
https://nextjs.org/telemetry

▲ Next.js 16.1.6 (Turbopack)
- Environments: .env.local

  Creating an optimized production build ...
✓ Compiled successfully in 2.2min
  Running TypeScript ...
Failed to compile.

./app/api/chat/route.ts:16:5
Type error: Object literal may only specify known properties, but 'messages' does not exist in type '{ agent: Agent<never, {}, never>; uiMessages: unknown[]; abortSignal?: AbortSignal | undefined; timeout?: TimeoutConfiguration | undefined; options?: undefined; experimental_transform?: StreamTextTransform<...> | ... 1 more ... | undefined; onStepFinish?: ToolLoopAgentOnStepFinishCallback<...> | undefined; } & Respo...'. Did you mean to write 'uiMessages'?

[0m [90m 14 |[39m   [36mreturn[39m createAgentUIStreamResponse({
 [90m 15 |[39m     agent[33m,[39m
[31m[1m>[22m[39m[90m 16 |[39m     messages[33m,[39m
 [90m    |[39m     [31m[1m^[22m[39m
 [90m 17 |[39m   })[33m;[39m
 [90m 18 |[39m }[0m
Next.js build worker exited with code: 1 and signal: null
 ELIFECYCLE  Command failed with exit code 1.
